<?xml version="1.0" encoding="UTF-8"?>
<TestRun id="e69ae6d5-613f-4c3e-a26b-c68772031501" name="m12hna@NT5 2013-05-28 17:09:37" runUser="MATH\m12hna" xmlns="http://microsoft.com/schemas/VisualStudio/TeamTest/2010">
  <TestSettings name="Local" id="d3b9fc0e-7ce6-4a05-b003-573e32797c3f">
    <Description>These are default test settings for a local test run.</Description>
    <Deployment enabled="false" runDeploymentRoot="m12hna_NT5 2013-05-28 17_09_37">
      <DeploymentItem filename="C:\Users\m12hna\Documents\Visual Studio 2010\Projects\HW5\tree\tree\bin\Debug\tree.exe" />
    </Deployment>
    <Execution>
      <TestTypeSpecific />
      <AgentRule name="Execution Agents">
      </AgentRule>
    </Execution>
  </TestSettings>
  <Times creation="2013-05-28T17:09:37.8490446+04:00" queuing="2013-05-28T17:09:37.9120509+04:00" start="2013-05-28T17:09:37.9290526+04:00" finish="2013-05-28T17:09:37.9430540+04:00" />
  <ResultSummary outcome="NotRunnable">
    <Counters total="4" error="0" failed="0" timeout="0" aborted="0" inconclusive="0" passedButRunAborted="0" notRunnable="4" notExecuted="0" disconnected="0" warning="0" passed="0" completed="0" inProgress="0" pending="0" />
  </ResultSummary>
  <TestDefinitions>
    <UnitTest name="DifferenceTest" storage="c:\users\m12hna\documents\visual studio 2010\projects\hw5\tree\tree.testsss\bin\debug\tree.testsss.dll" id="926a421c-3b7c-6a3f-b20a-c94c9d8c0c2f">
      <Execution id="ef922f78-255f-47a5-89dc-9f38ec2b0a8d" />
      <TestMethod codeBase="C:/Users/m12hna/Documents/Visual Studio 2010/Projects/HW5/tree/Tree.Testsss/bin/Debug/Tree.Testsss.DLL" adapterTypeName="Microsoft.VisualStudio.TestTools.TestTypes.Unit.UnitTestAdapter, Microsoft.VisualStudio.QualityTools.Tips.UnitTest.Adapter, Version=10.0.0.0, Culture=neutral, PublicKeyToken=b03f5f7f11d50a3a" className="Tree.Testsss.TreeTest, Tree.Testsss, Version=1.0.0.0, Culture=neutral, PublicKeyToken=null" name="DifferenceTest" />
    </UnitTest>
    <UnitTest name="DivisionTest" storage="c:\users\m12hna\documents\visual studio 2010\projects\hw5\tree\tree.testsss\bin\debug\tree.testsss.dll" id="f75111de-9cec-8529-3427-906f70524477">
      <Execution id="351bb062-20a5-4d5a-9f48-0271a1a164b6" />
      <TestMethod codeBase="C:/Users/m12hna/Documents/Visual Studio 2010/Projects/HW5/tree/Tree.Testsss/bin/Debug/Tree.Testsss.DLL" adapterTypeName="Microsoft.VisualStudio.TestTools.TestTypes.Unit.UnitTestAdapter, Microsoft.VisualStudio.QualityTools.Tips.UnitTest.Adapter, Version=10.0.0.0, Culture=neutral, PublicKeyToken=b03f5f7f11d50a3a" className="Tree.Testsss.TreeTest, Tree.Testsss, Version=1.0.0.0, Culture=neutral, PublicKeyToken=null" name="DivisionTest" />
    </UnitTest>
    <UnitTest name="SumTest" storage="c:\users\m12hna\documents\visual studio 2010\projects\hw5\tree\tree.testsss\bin\debug\tree.testsss.dll" id="4b0525cd-6abd-e757-da4f-a24a2aa7ca30">
      <Execution id="6890f163-a3a8-4692-a60c-6eeb2f8a5eb6" />
      <TestMethod codeBase="C:/Users/m12hna/Documents/Visual Studio 2010/Projects/HW5/tree/Tree.Testsss/bin/Debug/Tree.Testsss.DLL" adapterTypeName="Microsoft.VisualStudio.TestTools.TestTypes.Unit.UnitTestAdapter, Microsoft.VisualStudio.QualityTools.Tips.UnitTest.Adapter, Version=10.0.0.0, Culture=neutral, PublicKeyToken=b03f5f7f11d50a3a" className="Tree.Testsss.TreeTest, Tree.Testsss, Version=1.0.0.0, Culture=neutral, PublicKeyToken=null" name="SumTest" />
    </UnitTest>
    <UnitTest name="MultiplicationTest" storage="c:\users\m12hna\documents\visual studio 2010\projects\hw5\tree\tree.testsss\bin\debug\tree.testsss.dll" id="6ba74189-310d-ce18-5df0-c681540cafaf">
      <Execution id="71bbdb9d-7e48-4c13-b5a1-116903d104da" />
      <TestMethod codeBase="C:/Users/m12hna/Documents/Visual Studio 2010/Projects/HW5/tree/Tree.Testsss/bin/Debug/Tree.Testsss.DLL" adapterTypeName="Microsoft.VisualStudio.TestTools.TestTypes.Unit.UnitTestAdapter, Microsoft.VisualStudio.QualityTools.Tips.UnitTest.Adapter, Version=10.0.0.0, Culture=neutral, PublicKeyToken=b03f5f7f11d50a3a" className="Tree.Testsss.TreeTest, Tree.Testsss, Version=1.0.0.0, Culture=neutral, PublicKeyToken=null" name="MultiplicationTest" />
    </UnitTest>
  </TestDefinitions>
  <TestLists>
    <TestList name="Results Not in a List" id="8c84fa94-04c1-424b-9868-57a2d4851a1d" />
    <TestList name="All Loaded Results" id="19431567-8539-422a-85d7-44ee4e166bda" />
  </TestLists>
  <TestEntries>
    <TestEntry testId="4b0525cd-6abd-e757-da4f-a24a2aa7ca30" executionId="6890f163-a3a8-4692-a60c-6eeb2f8a5eb6" testListId="8c84fa94-04c1-424b-9868-57a2d4851a1d" />
    <TestEntry testId="6ba74189-310d-ce18-5df0-c681540cafaf" executionId="71bbdb9d-7e48-4c13-b5a1-116903d104da" testListId="8c84fa94-04c1-424b-9868-57a2d4851a1d" />
    <TestEntry testId="926a421c-3b7c-6a3f-b20a-c94c9d8c0c2f" executionId="ef922f78-255f-47a5-89dc-9f38ec2b0a8d" testListId="8c84fa94-04c1-424b-9868-57a2d4851a1d" />
    <TestEntry testId="f75111de-9cec-8529-3427-906f70524477" executionId="351bb062-20a5-4d5a-9f48-0271a1a164b6" testListId="8c84fa94-04c1-424b-9868-57a2d4851a1d" />
  </TestEntries>
  <Results>
    <UnitTestResult executionId="6890f163-a3a8-4692-a60c-6eeb2f8a5eb6" testId="4b0525cd-6abd-e757-da4f-a24a2aa7ca30" testName="SumTest" computerName="NT5" testType="13cdc9d9-ddb5-4fa4-a97d-d965ccfc6d4b" outcome="NotRunnable" testListId="8c84fa94-04c1-424b-9868-57a2d4851a1d" relativeResultsDirectory="6890f163-a3a8-4692-a60c-6eeb2f8a5eb6">
      <Output>
        <ErrorInfo>
          <Message>UTA004: Illegal use of attribute on Tree.Testsss.TreeTest.SumTest. The TestMethodAttribute can be defined only inside a class marked with the TestClass attribute.</Message>
        </ErrorInfo>
      </Output>
    </UnitTestResult>
    <UnitTestResult executionId="71bbdb9d-7e48-4c13-b5a1-116903d104da" testId="6ba74189-310d-ce18-5df0-c681540cafaf" testName="MultiplicationTest" computerName="NT5" testType="13cdc9d9-ddb5-4fa4-a97d-d965ccfc6d4b" outcome="NotRunnable" testListId="8c84fa94-04c1-424b-9868-57a2d4851a1d" relativeResultsDirectory="71bbdb9d-7e48-4c13-b5a1-116903d104da">
      <Output>
        <ErrorInfo>
          <Message>UTA004: Illegal use of attribute on Tree.Testsss.TreeTest.MultiplicationTest. The TestMethodAttribute can be defined only inside a class marked with the TestClass attribute.</Message>
        </ErrorInfo>
      </Output>
    </UnitTestResult>
    <UnitTestResult executionId="ef922f78-255f-47a5-89dc-9f38ec2b0a8d" testId="926a421c-3b7c-6a3f-b20a-c94c9d8c0c2f" testName="DifferenceTest" computerName="NT5" testType="13cdc9d9-ddb5-4fa4-a97d-d965ccfc6d4b" outcome="NotRunnable" testListId="8c84fa94-04c1-424b-9868-57a2d4851a1d" relativeResultsDirectory="ef922f78-255f-47a5-89dc-9f38ec2b0a8d">
      <Output>
        <ErrorInfo>
          <Message>UTA004: Illegal use of attribute on Tree.Testsss.TreeTest.DifferenceTest. The TestMethodAttribute can be defined only inside a class marked with the TestClass attribute.</Message>
        </ErrorInfo>
      </Output>
    </UnitTestResult>
    <UnitTestResult executionId="351bb062-20a5-4d5a-9f48-0271a1a164b6" testId="f75111de-9cec-8529-3427-906f70524477" testName="DivisionTest" computerName="NT5" testType="13cdc9d9-ddb5-4fa4-a97d-d965ccfc6d4b" outcome="NotRunnable" testListId="8c84fa94-04c1-424b-9868-57a2d4851a1d" relativeResultsDirectory="351bb062-20a5-4d5a-9f48-0271a1a164b6">
      <Output>
        <ErrorInfo>
          <Message>UTA004: Illegal use of attribute on Tree.Testsss.TreeTest.DivisionTest. The TestMethodAttribute can be defined only inside a class marked with the TestClass attribute.</Message>
        </ErrorInfo>
      </Output>
    </UnitTestResult>
  </Results>
</TestRun>