<?xml version="1.0" encoding="UTF-8"?>
<TestRun id="3745f719-66a9-4238-9bb4-ea7720dc70f2" name="m12hna@NT5 2013-05-28 16:37:02" runUser="MATH\m12hna" xmlns="http://microsoft.com/schemas/VisualStudio/TeamTest/2010">
  <TestSettings name="Default Test Settings" id="7bcabeb6-00a3-49ce-8eb1-e651c9d67628">
    <Deployment runDeploymentRoot="m12hna_NT5 2013-05-28 16_37_02">
      <DeploymentItem filename="C:\Users\m12hna\Documents\Visual Studio 2010\Projects\HW8\SetGeneric\SetGeneric\bin\Debug\SetGeneric.exe" />
    </Deployment>
    <Execution>
      <TestTypeSpecific />
      <AgentRule name="Execution Agents">
      </AgentRule>
    </Execution>
  </TestSettings>
  <Times creation="2013-05-28T16:37:02.3215114+04:00" queuing="2013-05-28T16:37:02.4215214+04:00" start="2013-05-28T16:37:02.4465239+04:00" finish="2013-05-28T16:37:02.6945487+04:00" />
  <ResultSummary outcome="Completed">
    <Counters total="2" executed="2" passed="2" error="0" failed="0" timeout="0" aborted="0" inconclusive="0" passedButRunAborted="0" notRunnable="0" notExecuted="0" disconnected="0" warning="0" completed="0" inProgress="0" pending="0" />
  </ResultSummary>
  <TestDefinitions>
    <UnitTest name="TestCrossing" storage="c:\users\m12hna\documents\visual studio 2010\projects\hw8\setgeneric\setgeneric.tests\bin\debug\setgeneric.tests.dll" id="0ce230e6-f7a3-4f89-86fd-65f9424caf79">
      <Execution id="0362ec83-7d12-4618-975d-35b85c9de649" />
      <TestMethod codeBase="C:/Users/m12hna/Documents/Visual Studio 2010/Projects/HW8/SetGeneric/SetGeneric.Tests/bin/Debug/SetGeneric.Tests.DLL" adapterTypeName="Microsoft.VisualStudio.TestTools.TestTypes.Unit.UnitTestAdapter, Microsoft.VisualStudio.QualityTools.Tips.UnitTest.Adapter, Version=10.0.0.0, Culture=neutral, PublicKeyToken=b03f5f7f11d50a3a" className="SetGeneric.Tests.SetTest, SetGeneric.Tests, Version=1.0.0.0, Culture=neutral, PublicKeyToken=null" name="TestCrossing" />
    </UnitTest>
    <UnitTest name="TestUnion" storage="c:\users\m12hna\documents\visual studio 2010\projects\hw8\setgeneric\setgeneric.tests\bin\debug\setgeneric.tests.dll" id="c3d01a1a-2736-0774-a9f5-6986ffbcc1a0">
      <Execution id="02e35531-578a-4c85-b67a-e242d071440c" />
      <TestMethod codeBase="C:/Users/m12hna/Documents/Visual Studio 2010/Projects/HW8/SetGeneric/SetGeneric.Tests/bin/Debug/SetGeneric.Tests.DLL" adapterTypeName="Microsoft.VisualStudio.TestTools.TestTypes.Unit.UnitTestAdapter, Microsoft.VisualStudio.QualityTools.Tips.UnitTest.Adapter, Version=10.0.0.0, Culture=neutral, PublicKeyToken=b03f5f7f11d50a3a" className="SetGeneric.Tests.SetTest, SetGeneric.Tests, Version=1.0.0.0, Culture=neutral, PublicKeyToken=null" name="TestUnion" />
    </UnitTest>
  </TestDefinitions>
  <TestLists>
    <TestList name="Results Not in a List" id="8c84fa94-04c1-424b-9868-57a2d4851a1d" />
    <TestList name="All Loaded Results" id="19431567-8539-422a-85d7-44ee4e166bda" />
  </TestLists>
  <TestEntries>
    <TestEntry testId="0ce230e6-f7a3-4f89-86fd-65f9424caf79" executionId="0362ec83-7d12-4618-975d-35b85c9de649" testListId="8c84fa94-04c1-424b-9868-57a2d4851a1d" />
    <TestEntry testId="c3d01a1a-2736-0774-a9f5-6986ffbcc1a0" executionId="02e35531-578a-4c85-b67a-e242d071440c" testListId="8c84fa94-04c1-424b-9868-57a2d4851a1d" />
  </TestEntries>
  <Results>
    <UnitTestResult executionId="0362ec83-7d12-4618-975d-35b85c9de649" testId="0ce230e6-f7a3-4f89-86fd-65f9424caf79" testName="TestCrossing" computerName="NT5" duration="00:00:00.0143995" startTime="2013-05-28T16:37:02.4525245+04:00" endTime="2013-05-28T16:37:02.6735466+04:00" testType="13cdc9d9-ddb5-4fa4-a97d-d965ccfc6d4b" outcome="Passed" testListId="8c84fa94-04c1-424b-9868-57a2d4851a1d" relativeResultsDirectory="0362ec83-7d12-4618-975d-35b85c9de649">
    </UnitTestResult>
    <UnitTestResult executionId="02e35531-578a-4c85-b67a-e242d071440c" testId="c3d01a1a-2736-0774-a9f5-6986ffbcc1a0" testName="TestUnion" computerName="NT5" duration="00:00:00.0012211" startTime="2013-05-28T16:37:02.6745467+04:00" endTime="2013-05-28T16:37:02.6805473+04:00" testType="13cdc9d9-ddb5-4fa4-a97d-d965ccfc6d4b" outcome="Passed" testListId="8c84fa94-04c1-424b-9868-57a2d4851a1d" relativeResultsDirectory="02e35531-578a-4c85-b67a-e242d071440c">
    </UnitTestResult>
  </Results>
</TestRun>