<?xml version="1.0" encoding="UTF-8"?>
<TestRun id="a151f0f8-6868-43ca-8355-d5f92f4ea584" name="m12hna@NT5 2013-05-28 16:43:05" runUser="MATH\m12hna" xmlns="http://microsoft.com/schemas/VisualStudio/TeamTest/2010">
  <TestSettings name="Default Test Settings" id="4e7f20d0-e2d6-43e1-8133-a1ba6528c1b9">
    <Deployment runDeploymentRoot="m12hna_NT5 2013-05-28 16_43_05">
      <DeploymentItem filename="C:\Users\m12hna\Documents\Visual Studio 2010\Projects\HW6\Filter\Filter\bin\Debug\Filter.exe" />
    </Deployment>
    <Execution>
      <TestTypeSpecific />
      <AgentRule name="Execution Agents">
      </AgentRule>
    </Execution>
  </TestSettings>
  <Times creation="2013-05-28T16:43:05.3188075+04:00" queuing="2013-05-28T16:43:05.8208577+04:00" start="2013-05-28T16:43:05.8718628+04:00" finish="2013-05-28T16:43:06.1778934+04:00" />
  <ResultSummary outcome="Completed">
    <Counters total="1" executed="1" passed="1" error="0" failed="0" timeout="0" aborted="0" inconclusive="0" passedButRunAborted="0" notRunnable="0" notExecuted="0" disconnected="0" warning="0" completed="0" inProgress="0" pending="0" />
  </ResultSummary>
  <TestDefinitions>
    <UnitTest name="Test" storage="c:\users\m12hna\documents\visual studio 2010\projects\hw6\filter\filter.tests\bin\debug\filter.tests.dll" id="e537eb11-4ed5-4eb9-3c68-42d41e276aa2">
      <Execution id="61703c9f-e6b2-4548-ba66-27db1b8062b6" />
      <TestMethod codeBase="C:/Users/m12hna/Documents/Visual Studio 2010/Projects/HW6/Filter/Filter.Tests/bin/Debug/Filter.Tests.DLL" adapterTypeName="Microsoft.VisualStudio.TestTools.TestTypes.Unit.UnitTestAdapter, Microsoft.VisualStudio.QualityTools.Tips.UnitTest.Adapter, Version=10.0.0.0, Culture=neutral, PublicKeyToken=b03f5f7f11d50a3a" className="Filter.Tests.FTest, Filter.Tests, Version=1.0.0.0, Culture=neutral, PublicKeyToken=null" name="Test" />
    </UnitTest>
  </TestDefinitions>
  <TestLists>
    <TestList name="Results Not in a List" id="8c84fa94-04c1-424b-9868-57a2d4851a1d" />
    <TestList name="All Loaded Results" id="19431567-8539-422a-85d7-44ee4e166bda" />
  </TestLists>
  <TestEntries>
    <TestEntry testId="e537eb11-4ed5-4eb9-3c68-42d41e276aa2" executionId="61703c9f-e6b2-4548-ba66-27db1b8062b6" testListId="8c84fa94-04c1-424b-9868-57a2d4851a1d" />
  </TestEntries>
  <Results>
    <UnitTestResult executionId="61703c9f-e6b2-4548-ba66-27db1b8062b6" testId="e537eb11-4ed5-4eb9-3c68-42d41e276aa2" testName="Test" computerName="NT5" duration="00:00:00.0258457" startTime="2013-05-28T16:43:05.8848641+04:00" endTime="2013-05-28T16:43:06.1178874+04:00" testType="13cdc9d9-ddb5-4fa4-a97d-d965ccfc6d4b" outcome="Passed" testListId="8c84fa94-04c1-424b-9868-57a2d4851a1d" relativeResultsDirectory="61703c9f-e6b2-4548-ba66-27db1b8062b6">
    </UnitTestResult>
  </Results>
</TestRun>