<?xml version="1.0" encoding="UTF-8"?>
<TestRun id="971ad4dc-3653-4458-9ec2-68de54642715" name="m12hna@NT5 2013-05-28 16:51:40" runUser="MATH\m12hna" xmlns="http://microsoft.com/schemas/VisualStudio/TeamTest/2010">
  <TestSettings name="Default Test Settings" id="e50cd2b6-3a56-4f3a-8e97-d1598a85c52e">
    <Deployment runDeploymentRoot="m12hna_NT5 2013-05-28 16_51_40">
      <DeploymentItem filename="C:\Users\m12hna\Documents\Visual Studio 2010\Projects\HW6\Map\Map\bin\Debug\Map.exe" />
    </Deployment>
    <Execution>
      <TestTypeSpecific />
      <AgentRule name="Execution Agents">
      </AgentRule>
    </Execution>
  </TestSettings>
  <Times creation="2013-05-28T16:51:40.0272732+04:00" queuing="2013-05-28T16:51:40.1112816+04:00" start="2013-05-28T16:51:40.1262831+04:00" finish="2013-05-28T16:51:40.8273532+04:00" />
  <ResultSummary outcome="Completed">
    <Counters total="1" executed="1" passed="1" error="0" failed="0" timeout="0" aborted="0" inconclusive="0" passedButRunAborted="0" notRunnable="0" notExecuted="0" disconnected="0" warning="0" completed="0" inProgress="0" pending="0" />
  </ResultSummary>
  <TestDefinitions>
    <UnitTest name="MTest" storage="c:\users\m12hna\documents\visual studio 2010\projects\hw6\map\map.tests\bin\debug\map.tests.dll" id="3a96c3f1-d229-137c-511a-7c5868f69d89">
      <Execution id="74d45c5a-8c67-4afc-8840-a6cf8625a0ad" />
      <TestMethod codeBase="C:/Users/m12hna/Documents/Visual Studio 2010/Projects/HW6/Map/Map.Tests/bin/Debug/Map.Tests.DLL" adapterTypeName="Microsoft.VisualStudio.TestTools.TestTypes.Unit.UnitTestAdapter, Microsoft.VisualStudio.QualityTools.Tips.UnitTest.Adapter, Version=10.0.0.0, Culture=neutral, PublicKeyToken=b03f5f7f11d50a3a" className="Map.Tests.MapTests, Map.Tests, Version=1.0.0.0, Culture=neutral, PublicKeyToken=null" name="MTest" />
    </UnitTest>
  </TestDefinitions>
  <TestLists>
    <TestList name="Results Not in a List" id="8c84fa94-04c1-424b-9868-57a2d4851a1d" />
    <TestList name="All Loaded Results" id="19431567-8539-422a-85d7-44ee4e166bda" />
  </TestLists>
  <TestEntries>
    <TestEntry testId="3a96c3f1-d229-137c-511a-7c5868f69d89" executionId="74d45c5a-8c67-4afc-8840-a6cf8625a0ad" testListId="8c84fa94-04c1-424b-9868-57a2d4851a1d" />
  </TestEntries>
  <Results>
    <UnitTestResult executionId="74d45c5a-8c67-4afc-8840-a6cf8625a0ad" testId="3a96c3f1-d229-137c-511a-7c5868f69d89" testName="MTest" computerName="NT5" duration="00:00:00.0245933" startTime="2013-05-28T16:51:40.1322837+04:00" endTime="2013-05-28T16:51:40.3953100+04:00" testType="13cdc9d9-ddb5-4fa4-a97d-d965ccfc6d4b" outcome="Passed" testListId="8c84fa94-04c1-424b-9868-57a2d4851a1d" relativeResultsDirectory="74d45c5a-8c67-4afc-8840-a6cf8625a0ad">
    </UnitTestResult>
  </Results>
</TestRun>